  explicit_cot idx=16 lat=0.017089838214843667 ent=0.219 tok=512
  explicit_cot idx=17 lat=0.017287966632821394 ent=0.116 tok=512
  explicit_cot idx=18 lat=0.01727980427929765 ent=0.108 tok=512
  explicit_cot idx=19 lat=0.01758655468749737 ent=0.107 tok=512
  neutral_strict idx=00 lat=0.017128649820307373 ent=0.258 tok=512
  neutral_strict idx=01 lat=0.01720891114492507 ent=0.212 tok=483
  neutral_strict idx=02 lat=0.016994639568352454 ent=0.193 tok=512
  neutral_strict idx=03 lat=0.01693657576562657 ent=0.187 tok=512
  neutral_strict idx=04 lat=0.01716612752342428 ent=0.226 tok=512
  neutral_strict idx=05 lat=0.017369018228521327 ent=0.230 tok=512
  neutral_strict idx=06 lat=0.017427801595701453 ent=0.135 tok=512
  neutral_strict idx=07 lat=0.017432845458984048 ent=0.236 tok=512
  neutral_strict idx=08 lat=0.017719308267572842 ent=0.264 tok=512
  neutral_strict idx=09 lat=0.01770129467773529 ent=0.127 tok=512
  neutral_strict idx=10 lat=0.018067321939454928 ent=0.108 tok=512
  neutral_strict idx=11 lat=0.017228416503911603 ent=0.093 tok=512
  neutral_strict idx=12 lat=0.016950326416022676 ent=0.198 tok=512
  neutral_strict idx=13 lat=0.016924759521486976 ent=0.156 tok=512
  neutral_strict idx=14 lat=0.016996157552739533 ent=0.125 tok=512
  neutral_strict idx=15 lat=0.017070067300778646 ent=0.210 tok=512
  neutral_strict idx=16 lat=0.01736995865820745 ent=0.235 tok=512
  neutral_strict idx=17 lat=0.016967204427729143 ent=0.110 tok=512
  neutral_strict idx=18 lat=0.01685885167052333 ent=0.120 tok=434
  neutral_strict idx=19 lat=0.01690328401562624 ent=0.140 tok=512
  nocot_contam idx=00 lat=0.016930731540079912 ent=0.295 tok=474
  nocot_contam idx=01 lat=0.01675328992147801 ent=0.145 tok=191
  nocot_contam idx=02 lat=0.016928383138676395 ent=0.206 tok=512
  nocot_contam idx=03 lat=0.01680683318504942 ent=0.184 tok=281
  nocot_contam idx=04 lat=0.01709348828126167 ent=0.249 tok=512
  nocot_contam idx=05 lat=0.017253032796872958 ent=0.272 tok=512
  nocot_contam idx=06 lat=0.016874989795385993 ent=0.148 tok=347
  nocot_contam idx=07 lat=0.016950371175781243 ent=0.270 tok=512
  nocot_contam idx=08 lat=0.01696969262694381 ent=0.245 tok=512
  nocot_contam idx=09 lat=0.016905923473338285 ent=0.149 tok=300
  nocot_contam idx=10 lat=0.016941543050776886 ent=0.131 tok=512
  nocot_contam idx=11 lat=0.016950460243742783 ent=0.092 tok=480
  nocot_contam idx=12 lat=0.016964319255862392 ent=0.349 tok=512
  nocot_contam idx=13 lat=0.01709552815820814 ent=0.159 tok=512
  nocot_contam idx=14 lat=0.016944041585944092 ent=0.147 tok=512
  nocot_contam idx=15 lat=0.01705478488100099 ent=0.231 tok=479
  nocot_contam idx=16 lat=0.016908191099766174 ent=0.264 tok=411
  nocot_contam idx=17 lat=0.016939476236316864 ent=0.179 tok=512
  nocot_contam idx=18 lat=0.01684704484029459 ent=0.182 tok=407
  nocot_contam idx=19 lat=0.016911679507329972 ent=0.203 tok=477
  nocot_clean idx=00 lat=0.016562869140670955 ent=0.257 tok=64
  nocot_clean idx=01 lat=0.014759437500288186 ent=0.013 tok=8
  nocot_clean idx=02 lat=0.015292837090700314 ent=0.335 tok=11
  nocot_clean idx=03 lat=0.014773666624932957 ent=0.040 tok=8
  nocot_clean idx=04 lat=0.014450779714804542 ent=0.128 tok=7
  nocot_clean idx=05 lat=0.014508476285430203 ent=0.116 tok=7
  nocot_clean idx=06 lat=0.01501101049962017 ent=0.165 tok=8
  nocot_clean idx=07 lat=0.014756078125174097 ent=0.409 tok=8
  nocot_clean idx=08 lat=0.014884583374623615 ent=0.446 tok=8
  nocot_clean idx=09 lat=0.014734614625012911 ent=0.063 tok=8
  nocot_clean idx=10 lat=0.01490336987444607 ent=0.281 tok=8
  nocot_clean idx=11 lat=0.014880244874802885 ent=0.643 tok=8
  nocot_clean idx=12 lat=0.014036229166473882 ent=0.304 tok=6
  nocot_clean idx=13 lat=0.014533714286309467 ent=0.204 tok=7
  nocot_clean idx=14 lat=0.014558023857326978 ent=0.139 tok=7
  nocot_clean idx=15 lat=0.014751822875041398 ent=0.432 tok=8
  nocot_clean idx=16 lat=0.014641328124525899 ent=0.038 tok=8
  nocot_clean idx=17 lat=0.015186137499404142 ent=0.359 tok=10
  nocot_clean idx=18 lat=0.01410151383242919 ent=0.242 tok=6
  nocot_clean idx=19 lat=0.01411651383265659 ent=0.231 tok=6

=== Thinking HCDS (latency + entropy, n shared) ===
CONTAMINATED pole (/no_think): HCDS=+0.174 [-0.281, +0.643] n=20 -> ambiguous (CI crosses 0)
CLEAN pole (NoThinking): HCDS=+0.505 [+0.044, +0.967] n=20 -> neutral aligns with CoT
DONE
